Comparing G_arrays_P04.pkl against J_arrays_P04.pkl

real_muPlus
  shape: (4, 8, 4, 4)
  ours min/max/mean: 0.0 76359.10821493488 5642.628091257264
  J    min/max/mean: 0.0 76359.10872482351 5642.628128931157
  allclose: True (rtol=1e-05, atol=1e-08)
  nonzero bins (ours/J): 110 110
  mismatching bins: 0
  max absolute difference: 0.0005098886322230101
  mean absolute difference: 3.767389281073008e-05

real_muMinus
  shape: (4, 8, 4, 4)
  ours min/max/mean: 0.0 101783.26376647237 4028.765072408048
  J    min/max/mean: 0.0 101783.26444636456 4028.7650993027105
  allclose: True (rtol=1e-05, atol=1e-08)
  nonzero bins (ours/J): 85 85
  mismatching bins: 0
  max absolute difference: 0.0006798921822337434
  mean absolute difference: 2.689466220573422e-05

BH_muPlus
  shape: (4, 8, 4, 4)
  ours min/max/mean: 7986.283724986312 6720664.022464974 347622.0686265876
  J    min/max/mean: 7628.312314620979 6491632.693255814 332226.7059101643
  allclose: False (rtol=1e-05, atol=1e-08)
  nonzero bins (ours/J): 512 512
  mismatching bins: 512
  max absolute difference: 6646887.01141294
  mean absolute difference: 478873.1002581455
  first mismatches [t, phi, nu, Q2]:
    (np.int64(0), np.int64(0), np.int64(0), np.int64(0)): ours=578772.691691, J=74106.4113087, diff=504666.280383
    (np.int64(0), np.int64(0), np.int64(0), np.int64(1)): ours=278102.889265, J=40638.9539108, diff=237463.935355
    (np.int64(0), np.int64(0), np.int64(0), np.int64(2)): ours=126260.796956, J=24019.7404217, diff=102241.056534
    (np.int64(0), np.int64(0), np.int64(0), np.int64(3)): ours=67211.8378712, J=15863.1706817, diff=51348.6671895
    (np.int64(0), np.int64(0), np.int64(1), np.int64(0)): ours=1213548.75251, J=140004.043755, diff=1073544.70876
    (np.int64(0), np.int64(0), np.int64(1), np.int64(1)): ours=423829.949549, J=97207.0431212, diff=326622.906428
    (np.int64(0), np.int64(0), np.int64(1), np.int64(2)): ours=334218.747645, J=64475.4046074, diff=269743.343038
    (np.int64(0), np.int64(0), np.int64(1), np.int64(3)): ours=192327.088119, J=51937.9428892, diff=140389.14523
    (np.int64(0), np.int64(0), np.int64(2), np.int64(0)): ours=2067754.4695, J=267013.094337, diff=1800741.37517
    (np.int64(0), np.int64(0), np.int64(2), np.int64(1)): ours=853128.841557, J=175328.997422, diff=677799.844135

BH_muMinus
  shape: (4, 8, 4, 4)
  ours min/max/mean: 5860.705853719214 6081207.967142478 335512.09426502365
  J    min/max/mean: 5740.694641664572 5777319.652902331 325831.8964783689
  allclose: False (rtol=1e-05, atol=1e-08)
  nonzero bins (ours/J): 512 512
  mismatching bins: 512
  max absolute difference: 6016300.072304243
  mean absolute difference: 464556.8912238627
  first mismatches [t, phi, nu, Q2]:
    (np.int64(0), np.int64(0), np.int64(0), np.int64(0)): ours=590083.181873, J=69354.6240347, diff=520728.557838
    (np.int64(0), np.int64(0), np.int64(0), np.int64(1)): ours=229087.406115, J=41583.145811, diff=187504.260304
    (np.int64(0), np.int64(0), np.int64(0), np.int64(2)): ours=128806.667074, J=27683.6582921, diff=101123.008782
    (np.int64(0), np.int64(0), np.int64(0), np.int64(3)): ours=67651.9205214, J=13237.9430106, diff=54413.9775109
    (np.int64(0), np.int64(0), np.int64(1), np.int64(0)): ours=1114210.04828, J=155900.561803, diff=958309.486474
    (np.int64(0), np.int64(0), np.int64(1), np.int64(1)): ours=419007.347011, J=94560.9164962, diff=324446.430515
    (np.int64(0), np.int64(0), np.int64(1), np.int64(2)): ours=277788.429814, J=73010.1485046, diff=204778.281309
    (np.int64(0), np.int64(0), np.int64(1), np.int64(3)): ours=180732.773743, J=44611.9305884, diff=136120.843155
    (np.int64(0), np.int64(0), np.int64(2), np.int64(0)): ours=1804297.1873, J=245897.950622, diff=1558399.23667
    (np.int64(0), np.int64(0), np.int64(2), np.int64(1)): ours=887976.763727, J=164098.72721, diff=723878.036518

lepPi0_muPlus
  shape: (4, 8, 4, 4)
  ours min/max/mean: 0.0 60988.351191322115 2828.527793793076
  J    min/max/mean: 0.0 60988.35159880445 2746.4418217260727
  allclose: False (rtol=1e-05, atol=1e-08)
  nonzero bins (ours/J): 67 66
  mismatching bins: 111
  max absolute difference: 60988.35159880445
  mean absolute difference: 4470.11197984124
  first mismatches [t, phi, nu, Q2]:
    (np.int64(0), np.int64(1), np.int64(0), np.int64(3)): ours=0, J=27241.290369, diff=-27241.290369
    (np.int64(0), np.int64(1), np.int64(2), np.int64(0)): ours=19177.696962, J=0, diff=19177.696962
    (np.int64(0), np.int64(2), np.int64(0), np.int64(2)): ours=0, J=22367.294784, diff=-22367.294784
    (np.int64(0), np.int64(3), np.int64(1), np.int64(0)): ours=0, J=10052.4863726, diff=-10052.4863726
    (np.int64(0), np.int64(3), np.int64(3), np.int64(0)): ours=25740.750728, J=0, diff=25740.750728
    (np.int64(0), np.int64(5), np.int64(0), np.int64(3)): ours=27241.2901869, J=0, diff=27241.2901869
    (np.int64(0), np.int64(5), np.int64(2), np.int64(0)): ours=0, J=19177.69709, diff=-19177.69709
    (np.int64(0), np.int64(6), np.int64(0), np.int64(2)): ours=22367.2946344, J=0, diff=22367.2946344
    (np.int64(0), np.int64(7), np.int64(1), np.int64(0)): ours=10052.4863056, J=0, diff=10052.4863056
    (np.int64(0), np.int64(7), np.int64(3), np.int64(0)): ours=0, J=25740.7508994, diff=-25740.7508994

lepPi0_muMinus
  shape: (4, 8, 4, 4)
  ours min/max/mean: 0.0 71645.43154595475 2686.387686056387
  J    min/max/mean: 0.0 56266.474346808136 2435.9385584544543
  allclose: False (rtol=1e-05, atol=1e-08)
  nonzero bins (ours/J): 59 56
  mismatching bins: 104
  max absolute difference: 71645.43154595475
  mean absolute difference: 4482.444523543332
  first mismatches [t, phi, nu, Q2]:
    (np.int64(0), np.int64(0), np.int64(2), np.int64(0)): ours=16831.6660143, J=0, diff=16831.6660143
    (np.int64(0), np.int64(1), np.int64(0), np.int64(1)): ours=0, J=14960.1608489, diff=-14960.1608489
    (np.int64(0), np.int64(1), np.int64(0), np.int64(3)): ours=35199.2656897, J=0, diff=35199.2656897
    (np.int64(0), np.int64(2), np.int64(0), np.int64(2)): ours=28376.8201378, J=0, diff=28376.8201378
    (np.int64(0), np.int64(4), np.int64(2), np.int64(0)): ours=0, J=16831.6661266, diff=-16831.6661266
    (np.int64(0), np.int64(5), np.int64(0), np.int64(1)): ours=14960.1607489, J=0, diff=14960.1607489
    (np.int64(0), np.int64(6), np.int64(0), np.int64(2)): ours=0, J=28376.8203275, diff=-28376.8203275
    (np.int64(1), np.int64(0), np.int64(0), np.int64(1)): ours=32427.1643646, J=0, diff=32427.1643646
    (np.int64(1), np.int64(0), np.int64(0), np.int64(2)): ours=31801.7391289, J=0, diff=31801.7391289
    (np.int64(1), np.int64(0), np.int64(0), np.int64(3)): ours=0, J=26363.1884572, diff=-26363.1884572

hepPi0_muPlus
  shape: (4, 8, 4, 4)
  ours min/max/mean: 5178.498557752231 385702.53961074015 75284.73559028683
  J    min/max/mean: 5178.498592370144 373387.6980191779 74695.92573279391
  allclose: False (rtol=1e-05, atol=1e-08)
  nonzero bins (ours/J): 512 512
  mismatching bins: 512
  max absolute difference: 181484.63644075464
  mean absolute difference: 29954.45804476139
  first mismatches [t, phi, nu, Q2]:
    (np.int64(0), np.int64(0), np.int64(0), np.int64(0)): ours=81386.7610113, J=97526.3252285, diff=-16139.5642173
    (np.int64(0), np.int64(0), np.int64(0), np.int64(1)): ours=49345.7325263, J=47583.3112749, diff=1762.42125133
    (np.int64(0), np.int64(0), np.int64(0), np.int64(2)): ours=35928.0446285, J=30985.7978444, diff=4942.24678408
    (np.int64(0), np.int64(0), np.int64(0), np.int64(3)): ours=18144.3878391, J=10960.4500709, diff=7183.93776827
    (np.int64(0), np.int64(0), np.int64(1), np.int64(0)): ours=54793.8178779, J=73599.6482247, diff=-18805.8303468
    (np.int64(0), np.int64(0), np.int64(1), np.int64(1)): ours=26297.9245882, J=59394.2747327, diff=-33096.3501445
    (np.int64(0), np.int64(0), np.int64(1), np.int64(2)): ours=24803.6107507, J=33841.9460606, diff=-9038.33530981
    (np.int64(0), np.int64(0), np.int64(1), np.int64(3)): ours=18005.015287, J=20039.223487, diff=-2034.20819997
    (np.int64(0), np.int64(0), np.int64(2), np.int64(0)): ours=40323.4739065, J=41676.0849859, diff=-1352.61107938
    (np.int64(0), np.int64(0), np.int64(2), np.int64(1)): ours=17926.0207672, J=31685.7173977, diff=-13759.6966305

hepPi0_muMinus
  shape: (4, 8, 4, 4)
  ours min/max/mean: 4390.984376405931 373021.64580341533 75732.51657495323
  J    min/max/mean: 3842.741374956178 376128.79811824864 75041.9327914224
  allclose: False (rtol=1e-05, atol=1e-08)
  nonzero bins (ours/J): 512 512
  mismatching bins: 512
  max absolute difference: 183714.52401878906
  mean absolute difference: 28743.67508570882
  first mismatches [t, phi, nu, Q2]:
    (np.int64(0), np.int64(0), np.int64(0), np.int64(0)): ours=96966.0696893, J=92163.2524454, diff=4802.81724393
    (np.int64(0), np.int64(0), np.int64(0), np.int64(1)): ours=60809.6827834, J=55485.8655595, diff=5323.8172239
    (np.int64(0), np.int64(0), np.int64(0), np.int64(2)): ours=24114.5796603, J=23890.3052088, diff=224.274451502
    (np.int64(0), np.int64(0), np.int64(0), np.int64(3)): ours=17609.2522898, J=11667.723476, diff=5941.52881382
    (np.int64(0), np.int64(0), np.int64(1), np.int64(0)): ours=56333.0968892, J=86366.6366107, diff=-30033.5397215
    (np.int64(0), np.int64(0), np.int64(1), np.int64(1)): ours=33715.8674689, J=74067.6764075, diff=-40351.8089387
    (np.int64(0), np.int64(0), np.int64(1), np.int64(2)): ours=25678.9878126, J=31842.0092722, diff=-6163.0214596
    (np.int64(0), np.int64(0), np.int64(1), np.int64(3)): ours=16874.0920406, J=15797.0090117, diff=1077.08302887
    (np.int64(0), np.int64(0), np.int64(2), np.int64(0)): ours=52300.8801158, J=36711.2955875, diff=15589.5845282
    (np.int64(0), np.int64(0), np.int64(2), np.int64(1)): ours=21303.1053526, J=38740.9854342, diff=-17437.8800816
